{
    "RIFFHeader": {
        "Ident": "RIFF",
        "ChunkSize": 66782,
        "FileType": "WAVE"
    },
    "RIFFChunkFmt": {
        "LengthOfHeader": 18,
        "AudioFormat": 1,
        "NumChannels": 1,
        "SampleRate": 8000,
        "BytesPerSec": 16000,
        "BytesPerBloc": 2,
        "BitsPerSample": 16
    },
    "FirstSamplePos": 46,
    "DataBlockSize": 66744
}